nohup: ignoring input
==========================================
OCI Ampere ARM Instance Auto Provisioner
Region: ap-tokyo-1
Shape: VM.Standard.A1.Flex (2 OCPU / 12GB RAM)
Image ID: ocid1.image.oc1.ap-tokyo-1.aaaaaaaaqifrehesrty7sxjxgvagc666jw3n6ap2c4q5z5qqmeuxilldb3da
==========================================
[2026-10-05 00:34:57] [Attempt 1] Requesting instance creation...
❌ Failed (Out of capacity or rate limit). Retrying in 30 seconds...
[2026-10-05 00:37:24] [Attempt 2] Requesting instance creation...
❌ Failed (Out of capacity or rate limit). Retrying in 30 seconds...
[2026-10-05 00:52:27] [Attempt 3] Requesting instance creation...
❌ Failed (Out of capacity or rate limit). Retrying in 30 seconds...
[2026-10-05 00:54:38] [Attempt 4] Requesting instance creation...
❌ Failed (Out of capacity or rate limit). Retrying in 30 seconds...
[2026-10-05 00:56:47] [Attempt 5] Requesting instance creation...
❌ Failed (Out of capacity or rate limit). Retrying in 30 seconds...
[2026-10-05 00:59:02] [Attempt 6] Requesting instance creation...
❌ Failed (Out of capacity or rate limit). Retrying in 30 seconds...
[2026-10-05 01:01:17] [Attempt 7] Requesting instance creation...
❌ Failed (Out of capacity or rate limit). Retrying in 30 seconds...
[2026-10-05 01:03:30] [Attempt 8] Requesting instance creation...
❌ Failed (Out of capacity or rate limit). Retrying in 30 seconds...
[2026-10-05 01:05:44] [Attempt 9] Requesting instance creation...
❌ Failed (Out of capacity or rate limit). Retrying in 30 seconds...
[2026-10-05 01:07:57] [Attempt 10] Requesting instance creation...
❌ Failed (Out of capacity or rate limit). Retrying in 30 seconds...
[2026-10-05 01:10:10] [Attempt 11] Requesting instance creation...
❌ Failed (Out of capacity or rate limit). Retrying in 30 seconds...
[2026-10-05 01:12:27] [Attempt 12] Requesting instance creation...
❌ Failed (Out of capacity or rate limit). Retrying in 30 seconds...
